---
source: crates/dsl-core/tests/ast_golden.rs
assertion_line: 239
expression: program
---
Program {
    statements: [
        VerbCall(
            VerbCall {
                domain: "view",
                verb: "cbu",
                arguments: [
                    Argument {
                        key: "mode",
                        value: Literal(
                            String(
                                "ubo",
                            ),
                            Span {
                                start: 16,
                                end: 21,
                            },
                        ),
                        span: Span {
                            start: 10,
                            end: 21,
                        },
                    },
                ],
                binding: None,
                span: Span {
                    start: 0,
                    end: 22,
                },
            },
        ),
    ],
}
