---
source: crates/dsl-core/tests/ast_golden.rs
assertion_line: 218
expression: program
---
Program {
    statements: [
        VerbCall(
            VerbCall {
                domain: "session",
                verb: "start",
                arguments: [
                    Argument {
                        key: "mode",
                        value: Literal(
                            String(
                                "new",
                            ),
                            Span {
                                start: 21,
                                end: 26,
                            },
                        ),
                        span: Span {
                            start: 15,
                            end: 26,
                        },
                    },
                ],
                binding: None,
                span: Span {
                    start: 0,
                    end: 27,
                },
            },
        ),
    ],
}
