---
source: crates/dsl-core/tests/plan_golden.rs
assertion_line: 205
expression: dag
---
PopulatedExecutionDag {
    edges: [
        CancellationScopeEdge {
            trigger: NodeId(
                0,
            ),
            scope: [
                NodeId(
                    1,
                ),
                NodeId(
                    2,
                ),
            ],
        },
    ],
}
